Microchip MPLAB XC8 Compiler V2.31

Linker command line:

-W-3 --edf=C:\Program Files\Microchip\xc8\v2.31\pic\dat\en_msgs.txt -cn \
  -h+dist/default/production\Lab_D2_3.X.production.sym \
  --cmf=dist/default/production\Lab_D2_3.X.production.cmf -z -Q16F887 \
  -oC:\Users\diego\AppData\Local\Temp\sdj0.2 --defsym=__MPLAB_BUILD=1 \
  -Mdist/default/production/Lab_D2_3.X.production.map -E1 -ver=XC8 Compiler \
  --acfsm=1493 -ASTACK=0110h-016Fh -pstack=STACK -ACODE=00h-07FFhx4 \
  -ASTRCODE=00h-01FFFh -ASTRING=00h-0FFhx32 -ACONST=00h-0FFhx32 \
  -AENTRY=00h-0FFhx32 -ACOMMON=070h-07Fh -ABANK0=020h-06Fh \
  -ABANK1=0A0h-0EFh -ABANK2=0110h-016Fh -ABANK3=0190h-01EFh \
  -ARAM=020h-06Fh,0A0h-0EFh,0110h-016Fh,0190h-01EFh \
  -AABS1=020h-07Fh,0A0h-0EFh,0110h-016Fh,0190h-01EFh -ASFR0=00h-01Fh \
  -ASFR1=080h-09Fh -ASFR2=0100h-010Fh -ASFR3=0180h-018Fh \
  -ACONFIG=02007h-02008h -DCONFIG=2 -AIDLOC=02000h-02003h -DIDLOC=2 \
  -AEEDATA=00h-0FFh/02100h -peeprom_data=EEDATA -DEEDATA=2 -DCODE=2 \
  -DSTRCODE=2 -DSTRING=2 -DCONST=2 -DENTRY=2 \
  -preset_vec=00h,intentry=04h,init,end_init -ppowerup=CODE -pcinit=CODE \
  -pfunctab=ENTRY -k C:\Users\diego\AppData\Local\Temp\sdj0.o \
  dist/default/production\Lab_D2_3.X.production.o 

Object code version is 3.11

Machine type is 16F887



                Name                               Link     Load   Length Selector   Space Scale
C:\Users\diego\AppData\Local\Temp\sdj0.o
                end_init                              C        C        3        8       0
                reset_vec                             0        0        3        0       0
                config                             2007     2007        2        0       4
dist/default/production\Lab_D2_3.X.production.o
                cinit                                 F        F       17        8       0
                functab                              26       26        9       4C       0
                intentry                              4        4        8        8       0
                config                             2007     2007        2        0       4
                text21                              FE7      FE7        7     1FCE       0
                text20                              38B      38B       25       5E       0
                text19                              3E7      3E7       12       5E       0
                text18                              4E1      4E1       83      9C2       0
                text17                              6EF      6EF       44      9C2       0
                text16                              770      770       3C      9C2       0
                text15                              FEE      FEE        9     1FDC       0
                text14                              22C      22C      136       5E       0
                text13                              3B0      3B0       21       5E       0
                text12                              362      362       29       5E       0
                text11                              733      733       3D      9C2       0
                text10                              5CF      5CF       69      9C2       0
                text9                               696      696       59      9C2       0
                text8                               564      564       6B      9C2       0
                text7                               7E4      7E4       1B      9C2       0
                text6                                2F       2F      1FD       5E       0
                text5                               3D1      3D1       16       5E       0
                text4                               7AC      7AC       38      9C2       0
                text3                               3F9      3F9        7       5E       0
                text2                               FF7      FF7        9     1FEE       0
                text1                               FE1      FE1        6     1FC2       0
                maintext                            638      638       5E      9C2       0
                cstackBANK0                          20       20       4A       20       1
                cstackCOMMON                         70       70        A       70       1
                cstackBANK1                          AA       AA        5       A0       1
                bssBANK1                             A0       A0        A       A0       1
                bssBANK0                             6A       6A        3       20       1
                bssCOMMON                            7A       7A        2       70       1
                strings                             400      400       E1      800       0

TOTAL           Name                               Link     Load   Length     Space
        CLASS   STACK          

        CLASS   CODE           
                end_init                              C        C        3         0
                cinit                                 F        F       17         0
                intentry                              4        4        8         0
                reset_vec                             0        0        3         0
                text21                              FE7      FE7        7         0
                text20                              38B      38B       25         0
                text19                              3E7      3E7       12         0
                text18                              4E1      4E1       83         0
                text17                              6EF      6EF       44         0
                text16                              770      770       3C         0
                text15                              FEE      FEE        9         0
                text14                              22C      22C      136         0
                text13                              3B0      3B0       21         0
                text12                              362      362       29         0
                text11                              733      733       3D         0
                text10                              5CF      5CF       69         0
                text9                               696      696       59         0
                text8                               564      564       6B         0
                text7                               7E4      7E4       1B         0
                text6                                2F       2F      1FD         0
                text5                               3D1      3D1       16         0
                text4                               7AC      7AC       38         0
                text3                               3F9      3F9        7         0
                text2                               FF7      FF7        9         0
                text1                               FE1      FE1        6         0
                maintext                            638      638       5E         0

        CLASS   STRCODE        

        CLASS   STRING         
                strings                             400      400       E1         0

        CLASS   CONST          

        CLASS   ENTRY          
                functab                              26       26        9         0

        CLASS   COMMON         
                cstackCOMMON                         70       70        A         1
                bssCOMMON                            7A       7A        2         1

        CLASS   BANK0          
                cstackBANK0                          20       20       4A         1
                bssBANK0                             6A       6A        3         1

        CLASS   BANK1          
                cstackBANK1                          AA       AA        5         1
                bssBANK1                             A0       A0        A         1

        CLASS   BANK2          

        CLASS   BANK3          

        CLASS   RAM            

        CLASS   ABS1           
                abs_s1                               7E       7E        2         1

        CLASS   SFR0           

        CLASS   SFR1           

        CLASS   SFR2           

        CLASS   SFR3           

        CLASS   CONFIG         
                config                             2007     2007        2         4

        CLASS   IDLOC          

        CLASS   EEDATA         



SEGMENTS        Name                           Load    Length   Top    Selector   Space  Class     Delta

                reset_vec                      000000  000003  000003         0       0  CODE        2
                intentry                       000004  000022  000026         8       0  CODE        2
                cstackBANK0                    000020  00004D  00006D        20       1  BANK0       1
                functab                        000026  000009  00002F        4C       0  ENTRY       2
                text6                          00002F  0003D1  000400        5E       0  CODE        2
                cstackCOMMON                   000070  00000C  00007C        70       1  COMMON      1
                bssBANK1                       0000A0  00000F  0000AF        A0       1  BANK1       1
                strings                        000400  0000E1  0004E1       800       0  STRING      2
                text18                         0004E1  00031E  0007FF       9C2       0  CODE        2
                text1                          000FE1  000006  000FE7      1FC2       0  CODE        2
                text21                         000FE7  000007  000FEE      1FCE       0  CODE        2
                text15                         000FEE  000009  000FF7      1FDC       0  CODE        2
                text2                          000FF7  000009  001000      1FEE       0  CODE        2


UNUSED ADDRESS RANGES

        Name                Unused          Largest block    Delta
        BANK0            006D-006F              3           1
        BANK1            00AF-00EF             41           1
        BANK2            0110-016F             60           1
        BANK3            0190-01EF             60           1
        CODE             0003-0003              1           2
                         07FF-0FE0              1
                         1000-1FFF            800
        COMMON           007C-007D              2           1
        CONST            0003-0003              1           2
                         07FF-0FE0            100
                         1000-1FFF            100
        EEDATA           2100-21FF            100           2
        ENTRY            0003-0003              1           2
                         07FF-0FE0            100
                         1000-1FFF            100
        IDLOC            2000-2003              4           2
        RAM              006D-006F              3           1
                         00AF-00EF             41
                         0110-016F             60
                         0190-01EF             60
        SFR0             0000-001F             20           1
        SFR1             0080-009F             20           1
        SFR2             0100-010F             10           1
        SFR3             0180-018F             10           1
        STACK            0110-016F             60           1
        STRCODE          0003-0003              1           2
                         07FF-0FE0            7E2
                         1000-1FFF           1000
        STRING           0003-0003              1           2
                         07FF-0FE0            100
                         1000-1FFF            100

                                  Symbol Table

?___awdiv                cstackCOMMON 0072
?___awmod                cstackCOMMON 0072
?___lwdiv                cstackCOMMON 0072
?___lwmod                cstackBANK0  0020
?___wmul                 cstackCOMMON 0072
?__doprnt                cstackBANK0  0026
?_atoi                   cstackCOMMON 0078
?_concat                 cstackBANK0  003A
?_printf                 cstackBANK0  0031
?_sprintf                cstackBANK0  0031
_ADCON0bits              (abs)        001F
_ADCON1bits              (abs)        009F
_ANSEL                   (abs)        0188
_ANSELH                  (abs)        0189
_BAUDCTLbits             (abs)        0187
_OSCCONbits              (abs)        008F
_PIR1bits                (abs)        000C
_PORTB                   (abs)        0006
_PORTC                   (abs)        0007
_PORTCbits               (abs)        0007
_PORTD                   (abs)        0008
_RCIF                    (abs)        0065
_RCREG                   (abs)        001A
_RCSTAbits               (abs)        0018
_SPBRG                   (abs)        0099
_SPBRGH                  (abs)        009A
_SSPBUF                  (abs)        0013
_SSPCON                  (abs)        0014
_SSPSTAT                 (abs)        0094
_SSPSTATbits             (abs)        0094
_TRISB                   (abs)        0086
_TRISC2                  (abs)        043A
_TRISC3                  (abs)        043B
_TRISC5                  (abs)        043D
_TXIF                    (abs)        0064
_TXREG                   (abs)        0019
_TXSTAbits               (abs)        0098
__Habs1                  abs1         005E
__Hbank0                 bank0        005E
__Hbank1                 bank1        005E
__Hbank2                 bank2        005E
__Hbank3                 bank3        005E
__HbssBANK0              bssBANK0     005E
__HbssBANK1              bssBANK1     005E
__HbssCOMMON             bssCOMMON    005E
__Hcinit                 cinit        0026
__Hclrtext               clrtext      005E
__Hcode                  code         005E
__Hcommon                common       005E
__Hconfig                config       2009
__HcstackBANK0           cstackBANK0  005E
__HcstackBANK1           cstackBANK1  005E
__HcstackCOMMON          cstackCOMMON 005E
__Heeprom_data           eeprom_data  0000
__Hend_init              end_init     000F
__Hfunctab               functab      002F
__Hinit                  init         000C
__Hintentry              intentry     000C
__Hmaintext              maintext     005E
__Hpowerup               powerup      0000
__Hram                   ram          005E
__Hreset_vec             reset_vec    0003
__Hsfr0                  sfr0         005E
__Hsfr1                  sfr1         005E
__Hsfr2                  sfr2         005E
__Hsfr3                  sfr3         005E
__Hspace_0               (abs)        1000
__Hspace_1               (abs)        00AF
__Hspace_2               (abs)        0000
__Hspace_3               (abs)        0000
__Hspace_4               (abs)        4010
__Hstack                 stack        0000
__Hstrings               strings      005E
__Htext                  text         005E
__Labs1                  abs1         005E
__Lbank0                 bank0        005E
__Lbank1                 bank1        005E
__Lbank2                 bank2        005E
__Lbank3                 bank3        005E
__LbssBANK0              bssBANK0     005E
__LbssBANK1              bssBANK1     005E
__LbssCOMMON             bssCOMMON    005E
__Lcinit                 cinit        000F
__Lclrtext               clrtext      005E
__Lcode                  code         005E
__Lcommon                common       005E
__Lconfig                config       0000
__LcstackBANK0           cstackBANK0  005E
__LcstackBANK1           cstackBANK1  005E
__LcstackCOMMON          cstackCOMMON 005E
__Leeprom_data           eeprom_data  0000
__Lend_init              end_init     000C
__Lfunctab               functab      0026
__Linit                  init         000C
__Lintentry              intentry     0004
__Lmaintext              maintext     005E
__Lpowerup               powerup      0000
__Lram                   ram          005E
__Lreset_vec             reset_vec    0000
__Lsfr0                  sfr0         005E
__Lsfr1                  sfr1         005E
__Lsfr2                  sfr2         005E
__Lsfr3                  sfr3         005E
__Lspace_0               (abs)        0000
__Lspace_1               (abs)        0000
__Lspace_2               (abs)        0000
__Lspace_3               (abs)        0000
__Lspace_4               (abs)        0000
__Lstack                 stack        0000
__Lstrings               strings      005E
__Ltext                  text         005E
__S0                     (abs)        1000
__S1                     (abs)        00AF
__S2                     (abs)        0000
__S3                     (abs)        0000
___awdiv                 text10       05CF
___awdiv@counter         cstackBANK0  0020
___awdiv@dividend        cstackCOMMON 0074
___awdiv@divisor         cstackCOMMON 0072
___awdiv@quotient        cstackBANK0  0022
___awdiv@sign            cstackBANK0  0021
___awmod                 text9        0696
___awmod@counter         cstackCOMMON 0077
___awmod@dividend        cstackCOMMON 0074
___awmod@divisor         cstackCOMMON 0072
___awmod@sign            cstackCOMMON 0078
___int_sp                stack        0000
___latbits               (abs)        0002
___lwdiv                 text17       06EF
___lwdiv@counter         cstackCOMMON 0079
___lwdiv@dividend        cstackCOMMON 0074
___lwdiv@divisor         cstackCOMMON 0072
___lwdiv@quotient        cstackCOMMON 0077
___lwmod                 text16       0770
___lwmod@counter         cstackBANK0  0025
___lwmod@dividend        cstackBANK0  0022
___lwmod@divisor         cstackBANK0  0020
___sp                    stack        0000
___stackhi               (abs)        0000
___stacklo               (abs)        0000
___wmul                  text20       038B
___wmul@multiplicand     cstackCOMMON 0074
___wmul@multiplier       cstackCOMMON 0072
___wmul@product          cstackCOMMON 0076
__doprnt                 text14       022C
__doprnt@ap              cstackBANK0  0027
__doprnt@c               cstackBANK0  002F
__doprnt@f               cstackBANK0  0026
__doprnt@flag            cstackBANK0  002B
__doprnt@pb              cstackBANK0  0030
__doprnt@prec            cstackBANK0  002C
__doprnt@val             cstackBANK0  002D
__end_of___awdiv         text10       0638
__end_of___awmod         text9        06EF
__end_of___lwdiv         text17       0733
__end_of___lwmod         text16       07AC
__end_of___wmul          text20       03B0
__end_of__doprnt         text14       0362
__end_of__fptable        functab      002F
__end_of__initialization cinit        0022
__end_of__stringtab      strings      0406
__end_of_atoi            text18       0564
__end_of_concat          text11       0770
__end_of_division        text8        05CF
__end_of_dpowers         strings      0410
__end_of_isdigit         text19       03F9
__end_of_isr             text21       0FEE
__end_of_main            maintext     0696
__end_of_mensaje         text6        022C
__end_of_printf          text7        07FF
__end_of_putch           text15       0FF7
__end_of_setup           text4        07E4
__end_of_spiInit         text5        03E7
__end_of_spiRead         text2        1000
__end_of_spiReceiveWait  text3        0400
__end_of_spiWrite        text1        0FE7
__end_of_sprintf         text13       03D1
__end_of_strcat          text12       038B
__fptable                functab      0026
__initialization         cinit        000F
__pbssBANK0              bssBANK0     006A
__pbssBANK1              bssBANK1     00A0
__pbssCOMMON             bssCOMMON    007A
__pcstackBANK0           cstackBANK0  0020
__pcstackBANK1           cstackBANK1  00AA
__pcstackCOMMON          cstackCOMMON 0070
__pfunctab               functab      0026
__pintentry              intentry     0004
__pmaintext              maintext     0638
__pstrings               strings      0400
__ptext1                 text1        0FE1
__ptext10                text10       05CF
__ptext11                text11       0733
__ptext12                text12       0362
__ptext13                text13       03B0
__ptext14                text14       022C
__ptext15                text15       0FEE
__ptext16                text16       0770
__ptext17                text17       06EF
__ptext18                text18       04E1
__ptext19                text19       03E7
__ptext2                 text2        0FF7
__ptext20                text20       038B
__ptext21                text21       0FE7
__ptext3                 text3        03F9
__ptext4                 text4        07AC
__ptext5                 text5        03D1
__ptext6                 text6        002F
__ptext7                 text7        07E4
__ptext8                 text8        0564
__ptext9                 text9        0696
__size_of___awdiv        (abs)        0000
__size_of___awmod        (abs)        0000
__size_of___lwdiv        (abs)        0000
__size_of___lwmod        (abs)        0000
__size_of___wmul         (abs)        0000
__size_of__doprnt        (abs)        0000
__size_of__fptable       (abs)        0000
__size_of_atoi           (abs)        0000
__size_of_concat         (abs)        0000
__size_of_division       (abs)        0000
__size_of_isdigit        (abs)        0000
__size_of_isr            (abs)        0000
__size_of_main           (abs)        0000
__size_of_mensaje        (abs)        0000
__size_of_printf         (abs)        0000
__size_of_putch          (abs)        0000
__size_of_setup          (abs)        0000
__size_of_spiInit        (abs)        0000
__size_of_spiRead        (abs)        0000
__size_of_spiReceiveWait (abs)        0000
__size_of_spiWrite       (abs)        0000
__size_of_sprintf        (abs)        0000
__size_of_strcat         (abs)        0000
__stringbase             strings      0405
__stringtab              strings      0400
_atoi                    text18       04E1
_cen                     bssBANK0     006A
_con                     bssBANK1     00A4
_concat                  text11       0733
_dec                     bssBANK1     00A7
_division                text8        0564
_dpowers                 strings      0406
_full                    bssBANK1     00A0
_hundreds                bssCOMMON    007B
_isdigit                 text19       03E7
_isdigit$1034            cstackCOMMON 0072
_isr                     text21       0FE7
_main                    maintext     0638
_mensaje                 text6        002F
_pot1                    bssBANK1     00A9
_pot2                    bssBANK1     00A8
_printf                  text7        07E4
_putch                   text15       0FEE
_residuo                 bssBANK0     006B
_setup                   text4        07AC
_spiInit                 text5        03D1
_spiRead                 text2        0FF7
_spiReceiveWait          text3        03F9
_spiWrite                text1        0FE1
_sprintf                 text13       03B0
_strcat                  text12       0362
_tens                    bssCOMMON    007A
_uni                     bssBANK1     00A6
_units                   bssBANK0     006C
atoi@a                   cstackBANK0  0023
atoi@s                   cstackBANK0  0025
atoi@sign                cstackBANK0  0022
btemp                    (abs)        007E
concat@a                 cstackBANK0  003A
concat@b                 cstackBANK0  003C
concat@c                 cstackBANK0  0067
concat@s1                cstackBANK0  0053
concat@s2                cstackBANK0  003F
division@valor           cstackCOMMON 0079
end_of_initialization    cinit        0022
fpbase                   functab      002B
fptable                  functab      0026
fptotal                  (abs)        0002
interrupt_function       intentry     0004
intlevel0                functab      0026
intlevel1                functab      0026
intlevel2                functab      0026
intlevel3                functab      0026
intlevel4                functab      0026
intlevel5                functab      0026
isdigit@c                cstackCOMMON 0073
printf@ap                cstackBANK0  0035
printf@f                 cstackBANK0  0036
printf@pb                cstackBANK0  0037
putch@data               cstackCOMMON 0072
reset_vec                reset_vec    0000
saved_w                  (abs)        007E
spiInit@sClockIdle       cstackCOMMON 0073
spiInit@sDataSample      cstackCOMMON 0072
spiInit@sTransmitEdge    cstackCOMMON 0074
spiInit@sType            cstackCOMMON 0075
spiWrite@dat             cstackCOMMON 0072
sprintf@ap               cstackBANK0  0037
sprintf@f                cstackBANK0  0031
sprintf@pb               cstackBANK0  0038
sprintf@wh               cstackBANK0  0036
start                    init         000C
start_initialization     cinit        000F
strcat@cp                cstackCOMMON 0075
strcat@from              cstackCOMMON 0072
strcat@to                cstackCOMMON 0074
wtemp0                   (abs)        007E


FUNCTION INFORMATION:

 *************** function _main *****************
 Defined at:
		line 79 in file "main.c"
 Parameters:    Size  Location     Type
		None
 Auto vars:     Size  Location     Type
		None
 Return value:  Size  Location     Type
                  1    wreg      void 
 Registers used:
		wreg, fsr0l, fsr0h, status,2, status,0, btemp+1, pclath, cstack
 Tracked objects:
		On entry : 
		On exit  : 
		Unchanged: 
 Data sizes:     COMMON   BANK0   BANK1   BANK3   BANK2
      Params:         0       0       0       0       0
      Locals:         0       0       0       0       0
      Temps:          0       1       0       0       0
      Totals:         0       1       0       0       0
Total ram usage:        1 bytes
 Hardware stack levels required when called:    6
 This function calls:
		_mensaje
		_setup
		_spiRead
		_spiWrite
 This function is called by:
		Startup code after reset
 This function uses a non-reentrant model


 *************** function _spiWrite *****************
 Defined at:
		line 34 in file "SPI.c"
 Parameters:    Size  Location     Type
  dat             1    wreg     unsigned char 
 Auto vars:     Size  Location     Type
  dat             1    2[COMMON] unsigned char 
 Return value:  Size  Location     Type
                  1    wreg      void 
 Registers used:
		wreg
 Tracked objects:
		On entry : 
		On exit  : 
		Unchanged: 
 Data sizes:     COMMON   BANK0   BANK1   BANK3   BANK2
      Params:         0       0       0       0       0
      Locals:         1       0       0       0       0
      Temps:          0       0       0       0       0
      Totals:         1       0       0       0       0
Total ram usage:        1 bytes
 Hardware stack levels used:    1
 Hardware stack levels required when called:    1
 This function calls:
		Nothing
 This function is called by:
		_main
 This function uses a non-reentrant model


 *************** function _spiRead *****************
 Defined at:
		line 47 in file "SPI.c"
 Parameters:    Size  Location     Type
		None
 Auto vars:     Size  Location     Type
		None
 Return value:  Size  Location     Type
                  1    wreg      unsigned char 
 Registers used:
		wreg, status,2, status,0, pclath, cstack
 Tracked objects:
		On entry : 
		On exit  : 
		Unchanged: 
 Data sizes:     COMMON   BANK0   BANK1   BANK3   BANK2
      Params:         0       0       0       0       0
      Locals:         0       0       0       0       0
      Temps:          0       0       0       0       0
      Totals:         0       0       0       0       0
Total ram usage:        0 bytes
 Hardware stack levels used:    1
 Hardware stack levels required when called:    2
 This function calls:
		_spiReceiveWait
 This function is called by:
		_main
 This function uses a non-reentrant model


 *************** function _spiReceiveWait *****************
 Defined at:
		line 29 in file "SPI.c"
 Parameters:    Size  Location     Type
		None
 Auto vars:     Size  Location     Type
		None
 Return value:  Size  Location     Type
                  1    wreg      void 
 Registers used:
		None
 Tracked objects:
		On entry : 
		On exit  : 
		Unchanged: 
 Data sizes:     COMMON   BANK0   BANK1   BANK3   BANK2
      Params:         0       0       0       0       0
      Locals:         0       0       0       0       0
      Temps:          0       0       0       0       0
      Totals:         0       0       0       0       0
Total ram usage:        0 bytes
 Hardware stack levels used:    1
 Hardware stack levels required when called:    1
 This function calls:
		Nothing
 This function is called by:
		_spiRead
 This function uses a non-reentrant model


 *************** function _setup *****************
 Defined at:
		line 112 in file "main.c"
 Parameters:    Size  Location     Type
		None
 Auto vars:     Size  Location     Type
		None
 Return value:  Size  Location     Type
                  1    wreg      void 
 Registers used:
		wreg, status,2, status,0, pclath, cstack
 Tracked objects:
		On entry : 
		On exit  : 
		Unchanged: 
 Data sizes:     COMMON   BANK0   BANK1   BANK3   BANK2
      Params:         0       0       0       0       0
      Locals:         0       0       0       0       0
      Temps:          0       0       0       0       0
      Totals:         0       0       0       0       0
Total ram usage:        0 bytes
 Hardware stack levels used:    1
 Hardware stack levels required when called:    2
 This function calls:
		_spiInit
 This function is called by:
		_main
 This function uses a non-reentrant model


 *************** function _spiInit *****************
 Defined at:
		line 12 in file "SPI.c"
 Parameters:    Size  Location     Type
  sType           1    wreg     enum E1264
  sDataSample     1    2[COMMON] enum E1272
  sClockIdle      1    3[COMMON] enum E1276
  sTransmitEdg    1    4[COMMON] enum E1280
 Auto vars:     Size  Location     Type
  sType           1    5[COMMON] enum E1264
 Return value:  Size  Location     Type
                  1    wreg      void 
 Registers used:
		wreg, status,2, status,0
 Tracked objects:
		On entry : 
		On exit  : 
		Unchanged: 
 Data sizes:     COMMON   BANK0   BANK1   BANK3   BANK2
      Params:         3       0       0       0       0
      Locals:         1       0       0       0       0
      Temps:          0       0       0       0       0
      Totals:         4       0       0       0       0
Total ram usage:        4 bytes
 Hardware stack levels used:    1
 Hardware stack levels required when called:    1
 This function calls:
		Nothing
 This function is called by:
		_setup
 This function uses a non-reentrant model


 *************** function _mensaje *****************
 Defined at:
		line 161 in file "main.c"
 Parameters:    Size  Location     Type
		None
 Auto vars:     Size  Location     Type
		None
 Return value:  Size  Location     Type
                  1    wreg      void 
 Registers used:
		wreg, fsr0l, fsr0h, status,2, status,0, btemp+1, pclath, cstack
 Tracked objects:
		On entry : 
		On exit  : 
		Unchanged: 
 Data sizes:     COMMON   BANK0   BANK1   BANK3   BANK2
      Params:         0       0       0       0       0
      Locals:         0       0       0       0       0
      Temps:          0       0       5       0       0
      Totals:         0       0       5       0       0
Total ram usage:        5 bytes
 Hardware stack levels used:    1
 Hardware stack levels required when called:    5
 This function calls:
		_concat
		_division
		_printf
 This function is called by:
		_main
 This function uses a non-reentrant model


 *************** function _printf *****************
 Defined at:
		line 13 in file "C:\Program Files\Microchip\xc8\v2.31\pic\sources\c90\common\printf.c"
 Parameters:    Size  Location     Type
  f               1    wreg     PTR const unsigned char 
		 -> STR_9(25), STR_8(62), STR_7(58), STR_6(2), 
		 -> STR_5(3), STR_4(31), STR_3(2), STR_2(3), 
		 -> STR_1(30), 
 Auto vars:     Size  Location     Type
  f               1   22[BANK0 ] PTR const unsigned char 
		 -> STR_9(25), STR_8(62), STR_7(58), STR_6(2), 
		 -> STR_5(3), STR_4(31), STR_3(2), STR_2(3), 
		 -> STR_1(30), 
  pb              2   23[BANK0 ] struct __prbuf
  ap              1   21[BANK0 ] PTR void [1]
		 -> ?_sprintf(2), ?_printf(2), 
 Return value:  Size  Location     Type
                  2   17[BANK0 ] int 
 Registers used:
		wreg, fsr0l, fsr0h, status,2, status,0, btemp+1, pclath, cstack
 Tracked objects:
		On entry : 
		On exit  : 
		Unchanged: 
 Data sizes:     COMMON   BANK0   BANK1   BANK3   BANK2
      Params:         0       2       0       0       0
      Locals:         0       4       0       0       0
      Temps:          0       2       0       0       0
      Totals:         0       8       0       0       0
Total ram usage:        8 bytes
 Hardware stack levels used:    1
 Hardware stack levels required when called:    3
 This function calls:
		__doprnt
 This function is called by:
		_mensaje
 This function uses a non-reentrant model


 *************** function _division *****************
 Defined at:
		line 150 in file "main.c"
 Parameters:    Size  Location     Type
  valor           1    wreg     unsigned char 
 Auto vars:     Size  Location     Type
  valor           1    9[COMMON] unsigned char 
 Return value:  Size  Location     Type
                  1    wreg      unsigned char 
 Registers used:
		wreg, status,2, status,0, pclath, cstack
 Tracked objects:
		On entry : 
		On exit  : 
		Unchanged: 
 Data sizes:     COMMON   BANK0   BANK1   BANK3   BANK2
      Params:         0       0       0       0       0
      Locals:         1       0       0       0       0
      Temps:          0       3       0       0       0
      Totals:         1       3       0       0       0
Total ram usage:        4 bytes
 Hardware stack levels used:    1
 Hardware stack levels required when called:    2
 This function calls:
		___awdiv
		___awmod
 This function is called by:
		_mensaje
 This function uses a non-reentrant model


 *************** function ___awmod *****************
 Defined at:
		line 5 in file "C:\Program Files\Microchip\xc8\v2.31\pic\sources\c90\common\awmod.c"
 Parameters:    Size  Location     Type
  divisor         2    2[COMMON] int 
  dividend        2    4[COMMON] int 
 Auto vars:     Size  Location     Type
  sign            1    8[COMMON] unsigned char 
  counter         1    7[COMMON] unsigned char 
 Return value:  Size  Location     Type
                  2    2[COMMON] int 
 Registers used:
		wreg, status,2, status,0
 Tracked objects:
		On entry : 
		On exit  : 
		Unchanged: 
 Data sizes:     COMMON   BANK0   BANK1   BANK3   BANK2
      Params:         4       0       0       0       0
      Locals:         2       0       0       0       0
      Temps:          1       0       0       0       0
      Totals:         7       0       0       0       0
Total ram usage:        7 bytes
 Hardware stack levels used:    1
 Hardware stack levels required when called:    1
 This function calls:
		Nothing
 This function is called by:
		_division
 This function uses a non-reentrant model


 *************** function ___awdiv *****************
 Defined at:
		line 5 in file "C:\Program Files\Microchip\xc8\v2.31\pic\sources\c90\common\awdiv.c"
 Parameters:    Size  Location     Type
  divisor         2    2[COMMON] int 
  dividend        2    4[COMMON] int 
 Auto vars:     Size  Location     Type
  quotient        2    2[BANK0 ] int 
  sign            1    1[BANK0 ] unsigned char 
  counter         1    0[BANK0 ] unsigned char 
 Return value:  Size  Location     Type
                  2    2[COMMON] int 
 Registers used:
		wreg, status,2, status,0
 Tracked objects:
		On entry : 
		On exit  : 
		Unchanged: 
 Data sizes:     COMMON   BANK0   BANK1   BANK3   BANK2
      Params:         4       0       0       0       0
      Locals:         0       4       0       0       0
      Temps:          1       0       0       0       0
      Totals:         5       4       0       0       0
Total ram usage:        9 bytes
 Hardware stack levels used:    1
 Hardware stack levels required when called:    1
 This function calls:
		Nothing
 This function is called by:
		_division
 This function uses a non-reentrant model


 *************** function _concat *****************
 Defined at:
		line 243 in file "main.c"
 Parameters:    Size  Location     Type
  a               2   26[BANK0 ] int 
  b               2   28[BANK0 ] int 
 Auto vars:     Size  Location     Type
  s1             20   51[BANK0 ] unsigned char [20]
  s2             20   31[BANK0 ] unsigned char [20]
  c               2   71[BANK0 ] int 
 Return value:  Size  Location     Type
                  2   26[BANK0 ] int 
 Registers used:
		wreg, fsr0l, fsr0h, status,2, status,0, btemp+1, pclath, cstack
 Tracked objects:
		On entry : 
		On exit  : 
		Unchanged: 
 Data sizes:     COMMON   BANK0   BANK1   BANK3   BANK2
      Params:         0       4       0       0       0
      Locals:         0      42       0       0       0
      Temps:          0       1       0       0       0
      Totals:         0      47       0       0       0
Total ram usage:       47 bytes
 Hardware stack levels used:    1
 Hardware stack levels required when called:    4
 This function calls:
		_atoi
		_sprintf
		_strcat
 This function is called by:
		_mensaje
 This function uses a non-reentrant model


 *************** function _strcat *****************
 Defined at:
		line 8 in file "C:\Program Files\Microchip\xc8\v2.31\pic\sources\c90\common\strcat.c"
 Parameters:    Size  Location     Type
  to              1    wreg     PTR unsigned char 
		 -> concat@s1(20), 
  from            1    2[COMMON] PTR const unsigned char 
		 -> concat@s2(20), 
 Auto vars:     Size  Location     Type
  to              1    4[COMMON] PTR unsigned char 
		 -> concat@s1(20), 
  cp              1    5[COMMON] PTR unsigned char 
		 -> concat@s1(20), 
 Return value:  Size  Location     Type
                  1    wreg      PTR unsigned char 
 Registers used:
		wreg, fsr0l, fsr0h, status,2, status,0
 Tracked objects:
		On entry : 
		On exit  : 
		Unchanged: 
 Data sizes:     COMMON   BANK0   BANK1   BANK3   BANK2
      Params:         1       0       0       0       0
      Locals:         2       0       0       0       0
      Temps:          1       0       0       0       0
      Totals:         4       0       0       0       0
Total ram usage:        4 bytes
 Hardware stack levels used:    1
 Hardware stack levels required when called:    1
 This function calls:
		Nothing
 This function is called by:
		_concat
 This function uses a non-reentrant model


 *************** function _sprintf *****************
 Defined at:
		line 13 in file "C:\Program Files\Microchip\xc8\v2.31\pic\sources\c90\common\sprintf.c"
 Parameters:    Size  Location     Type
  wh              1    wreg     PTR unsigned char 
		 -> concat@s2(20), concat@s1(20), 
  f               1   17[BANK0 ] PTR const unsigned char 
		 -> STR_11(3), STR_10(3), 
 Auto vars:     Size  Location     Type
  wh              1   22[BANK0 ] PTR unsigned char 
		 -> concat@s2(20), concat@s1(20), 
  pb              2   24[BANK0 ] struct __prbuf
  ap              1   23[BANK0 ] PTR void [1]
		 -> ?_sprintf(2), ?_printf(2), 
 Return value:  Size  Location     Type
                  2   17[BANK0 ] int 
 Registers used:
		wreg, fsr0l, fsr0h, status,2, status,0, btemp+1, pclath, cstack
 Tracked objects:
		On entry : 
		On exit  : 
		Unchanged: 
 Data sizes:     COMMON   BANK0   BANK1   BANK3   BANK2
      Params:         0       3       0       0       0
      Locals:         0       4       0       0       0
      Temps:          0       2       0       0       0
      Totals:         0       9       0       0       0
Total ram usage:        9 bytes
 Hardware stack levels used:    1
 Hardware stack levels required when called:    3
 This function calls:
		__doprnt
 This function is called by:
		_concat
 This function uses a non-reentrant model


 *************** function __doprnt *****************
 Defined at:
		line 471 in file "C:\Program Files\Microchip\xc8\v2.31\pic\sources\c90\common\doprnt.c"
 Parameters:    Size  Location     Type
  pb              1    wreg     PTR struct __prbuf
		 -> sprintf@pb(2), printf@pb(2), 
  f               1    6[BANK0 ] PTR const unsigned char 
		 -> STR_11(3), STR_10(3), STR_9(25), STR_8(62), 
		 -> STR_7(58), STR_6(2), STR_5(3), STR_4(31), 
		 -> STR_3(2), STR_2(3), STR_1(30), 
  ap              1    7[BANK0 ] PTR PTR void 
		 -> sprintf@ap(1), printf@ap(1), 
 Auto vars:     Size  Location     Type
  pb              1   16[BANK0 ] PTR struct __prbuf
		 -> sprintf@pb(2), printf@pb(2), 
  tmpval          4    0        struct .
  val             2   13[BANK0 ] unsigned int 
  cp              2    0        PTR const unsigned char 
  len             2    0        unsigned int 
  c               1   15[BANK0 ] unsigned char 
  prec            1   12[BANK0 ] char 
  flag            1   11[BANK0 ] unsigned char 
 Return value:  Size  Location     Type
                  2    6[BANK0 ] int 
 Registers used:
		wreg, fsr0l, fsr0h, status,2, status,0, btemp+1, pclath, cstack
 Tracked objects:
		On entry : 
		On exit  : 
		Unchanged: 
 Data sizes:     COMMON   BANK0   BANK1   BANK3   BANK2
      Params:         0       2       0       0       0
      Locals:         0       6       0       0       0
      Temps:          0       3       0       0       0
      Totals:         0      11       0       0       0
Total ram usage:       11 bytes
 Hardware stack levels used:    1
 Hardware stack levels required when called:    2
 This function calls:
		Absolute function
		___lwdiv
		___lwmod
		_putch
 This function is called by:
		_printf
		_sprintf
 This function uses a non-reentrant model


 *************** function _putch *****************
 Defined at:
		line 237 in file "main.c"
 Parameters:    Size  Location     Type
  data            1    2[COMMON] unsigned char 
 Auto vars:     Size  Location     Type
		None
 Return value:  Size  Location     Type
                  1    wreg      void 
 Registers used:
		wreg
 Tracked objects:
		On entry : 
		On exit  : 
		Unchanged: 
 Data sizes:     COMMON   BANK0   BANK1   BANK3   BANK2
      Params:         1       0       0       0       0
      Locals:         0       0       0       0       0
      Temps:          0       0       0       0       0
      Totals:         1       0       0       0       0
Total ram usage:        1 bytes
 Hardware stack levels used:    1
 Hardware stack levels required when called:    1
 This function calls:
		Nothing
 This function is called by:
		_printf
		__doprnt
 This function uses a non-reentrant model


 *************** function ___lwmod *****************
 Defined at:
		line 5 in file "C:\Program Files\Microchip\xc8\v2.31\pic\sources\c90\common\lwmod.c"
 Parameters:    Size  Location     Type
  divisor         2    0[BANK0 ] unsigned int 
  dividend        2    2[BANK0 ] unsigned int 
 Auto vars:     Size  Location     Type
  counter         1    5[BANK0 ] unsigned char 
 Return value:  Size  Location     Type
                  2    0[BANK0 ] unsigned int 
 Registers used:
		wreg, status,2, status,0
 Tracked objects:
		On entry : 
		On exit  : 
		Unchanged: 
 Data sizes:     COMMON   BANK0   BANK1   BANK3   BANK2
      Params:         0       4       0       0       0
      Locals:         0       1       0       0       0
      Temps:          0       1       0       0       0
      Totals:         0       6       0       0       0
Total ram usage:        6 bytes
 Hardware stack levels used:    1
 Hardware stack levels required when called:    1
 This function calls:
		Nothing
 This function is called by:
		__doprnt
 This function uses a non-reentrant model


 *************** function ___lwdiv *****************
 Defined at:
		line 5 in file "C:\Program Files\Microchip\xc8\v2.31\pic\sources\c90\common\lwdiv.c"
 Parameters:    Size  Location     Type
  divisor         2    2[COMMON] unsigned int 
  dividend        2    4[COMMON] unsigned int 
 Auto vars:     Size  Location     Type
  quotient        2    7[COMMON] unsigned int 
  counter         1    9[COMMON] unsigned char 
 Return value:  Size  Location     Type
                  2    2[COMMON] unsigned int 
 Registers used:
		wreg, status,2, status,0
 Tracked objects:
		On entry : 
		On exit  : 
		Unchanged: 
 Data sizes:     COMMON   BANK0   BANK1   BANK3   BANK2
      Params:         4       0       0       0       0
      Locals:         3       0       0       0       0
      Temps:          1       0       0       0       0
      Totals:         8       0       0       0       0
Total ram usage:        8 bytes
 Hardware stack levels used:    1
 Hardware stack levels required when called:    1
 This function calls:
		Nothing
 This function is called by:
		__doprnt
 This function uses a non-reentrant model


 *************** function _atoi *****************
 Defined at:
		line 5 in file "C:\Program Files\Microchip\xc8\v2.31\pic\sources\c90\common\atoi.c"
 Parameters:    Size  Location     Type
  s               1    wreg     PTR const unsigned char 
		 -> concat@s1(20), 
 Auto vars:     Size  Location     Type
  s               1    5[BANK0 ] PTR const unsigned char 
		 -> concat@s1(20), 
  a               2    3[BANK0 ] int 
  sign            1    2[BANK0 ] unsigned char 
 Return value:  Size  Location     Type
                  2    8[COMMON] int 
 Registers used:
		wreg, fsr0l, fsr0h, status,2, status,0, pclath, cstack
 Tracked objects:
		On entry : 
		On exit  : 
		Unchanged: 
 Data sizes:     COMMON   BANK0   BANK1   BANK3   BANK2
      Params:         2       0       0       0       0
      Locals:         0       4       0       0       0
      Temps:          0       2       0       0       0
      Totals:         2       6       0       0       0
Total ram usage:        8 bytes
 Hardware stack levels used:    1
 Hardware stack levels required when called:    2
 This function calls:
		___wmul
		_isdigit
 This function is called by:
		_concat
 This function uses a non-reentrant model


 *************** function _isdigit *****************
 Defined at:
		line 8 in file "C:\Program Files\Microchip\xc8\v2.31\pic\sources\c90\common\isdigit.c"
 Parameters:    Size  Location     Type
  c               1    wreg     unsigned char 
 Auto vars:     Size  Location     Type
  c               1    3[COMMON] unsigned char 
 Return value:  Size  Location     Type
		None               void
 Registers used:
		wreg, status,2, status,0
 Tracked objects:
		On entry : 
		On exit  : 
		Unchanged: 
 Data sizes:     COMMON   BANK0   BANK1   BANK3   BANK2
      Params:         0       0       0       0       0
      Locals:         2       0       0       0       0
      Temps:          0       0       0       0       0
      Totals:         2       0       0       0       0
Total ram usage:        2 bytes
 Hardware stack levels used:    1
 Hardware stack levels required when called:    1
 This function calls:
		Nothing
 This function is called by:
		_atoi
 This function uses a non-reentrant model


 *************** function ___wmul *****************
 Defined at:
		line 15 in file "C:\Program Files\Microchip\xc8\v2.31\pic\sources\c90\common\Umul16.c"
 Parameters:    Size  Location     Type
  multiplier      2    2[COMMON] unsigned int 
  multiplicand    2    4[COMMON] unsigned int 
 Auto vars:     Size  Location     Type
  product         2    6[COMMON] unsigned int 
 Return value:  Size  Location     Type
                  2    2[COMMON] unsigned int 
 Registers used:
		wreg, status,2, status,0
 Tracked objects:
		On entry : 
		On exit  : 
		Unchanged: 
 Data sizes:     COMMON   BANK0   BANK1   BANK3   BANK2
      Params:         4       0       0       0       0
      Locals:         2       0       0       0       0
      Temps:          0       0       0       0       0
      Totals:         6       0       0       0       0
Total ram usage:        6 bytes
 Hardware stack levels used:    1
 Hardware stack levels required when called:    1
 This function calls:
		Nothing
 This function is called by:
		_atoi
 This function uses a non-reentrant model


 *************** function _isr *****************
 Defined at:
		line 71 in file "main.c"
 Parameters:    Size  Location     Type
		None
 Auto vars:     Size  Location     Type
		None
 Return value:  Size  Location     Type
                  1    wreg      void 
 Registers used:
		None
 Tracked objects:
		On entry : 
		On exit  : 
		Unchanged: 
 Data sizes:     COMMON   BANK0   BANK1   BANK3   BANK2
      Params:         0       0       0       0       0
      Locals:         0       0       0       0       0
      Temps:          2       0       0       0       0
      Totals:         2       0       0       0       0
Total ram usage:        2 bytes
 Hardware stack levels used:    1
 This function calls:
		Nothing
 This function is called by:
		Interrupt level 1
 This function uses a non-reentrant model



MODULE INFORMATION

Module		Function		Class		Link	Load	Size
C:\Program Files\Microchip\xc8\v2.31\pic\sources\c90\common\doprnt.c
		__doprnt       		CODE           	022C	0000	310

C:\Program Files\Microchip\xc8\v2.31\pic\sources\c90\common\doprnt.c estimated size: 310

C:\Program Files\Microchip\xc8\v2.31\pic\sources\c90\common\lwmod.c
		___lwmod       		CODE           	0770	0000	60

C:\Program Files\Microchip\xc8\v2.31\pic\sources\c90\common\lwmod.c estimated size: 60

C:\Program Files\Microchip\xc8\v2.31\pic\sources\c90\common\awmod.c
		___awmod       		CODE           	0696	0000	89

C:\Program Files\Microchip\xc8\v2.31\pic\sources\c90\common\awmod.c estimated size: 89

C:\Program Files\Microchip\xc8\v2.31\pic\sources\c90\common\Umul16.c
		___wmul        		CODE           	038B	0000	37

C:\Program Files\Microchip\xc8\v2.31\pic\sources\c90\common\Umul16.c estimated size: 37

C:\Program Files\Microchip\xc8\v2.31\pic\sources\c90\common\isdigit.c
		_isdigit       		CODE           	03E7	0000	18

C:\Program Files\Microchip\xc8\v2.31\pic\sources\c90\common\isdigit.c estimated size: 18

C:\Program Files\Microchip\xc8\v2.31\pic\sources\c90\common\atoi.c
		_atoi          		CODE           	04E1	0000	131

C:\Program Files\Microchip\xc8\v2.31\pic\sources\c90\common\atoi.c estimated size: 131

C:\Program Files\Microchip\xc8\v2.31\pic\sources\c90\common\strcat.c
		_strcat        		CODE           	0362	0000	41

C:\Program Files\Microchip\xc8\v2.31\pic\sources\c90\common\strcat.c estimated size: 41

C:\Program Files\Microchip\xc8\v2.31\pic\sources\c90\common\sprintf.c
		_sprintf       		CODE           	03B0	0000	33

C:\Program Files\Microchip\xc8\v2.31\pic\sources\c90\common\sprintf.c estimated size: 33

C:\Program Files\Microchip\xc8\v2.31\pic\sources\c90\common\lwdiv.c
		___lwdiv       		CODE           	06EF	0000	68

C:\Program Files\Microchip\xc8\v2.31\pic\sources\c90\common\lwdiv.c estimated size: 68

C:\Program Files\Microchip\xc8\v2.31\pic\sources\c90\common\awdiv.c
		___awdiv       		CODE           	05CF	0000	105

C:\Program Files\Microchip\xc8\v2.31\pic\sources\c90\common\awdiv.c estimated size: 105

shared
		__stringtab    		STRING         	0400	0000	6
		_dpowers       		STRING         	0406	0000	10
		__initialization		CODE           	000F	0000	19
		__fptable      		ENTRY          	0026	0000	9

shared estimated size: 44

C:\Program Files\Microchip\xc8\v2.31\pic\sources\c90\common\printf.c
		_printf        		CODE           	07E4	0000	27

C:\Program Files\Microchip\xc8\v2.31\pic\sources\c90\common\printf.c estimated size: 27

SPI.c
		_spiWrite      		CODE           	0FE1	0000	6
		_spiInit       		CODE           	03D1	0000	22
		_spiReceiveWait		CODE           	03F9	0000	7
		_spiRead       		CODE           	0FF7	0000	9

SPI.c estimated size: 44

main.c
		_putch         		CODE           	0FEE	0000	9
		_main          		CODE           	0638	0000	94
		_concat        		CODE           	0733	0000	61
		_isr           		CODE           	0FE7	0000	7
		_mensaje       		CODE           	002F	0000	509
		_division      		CODE           	0564	0000	107
		_setup         		CODE           	07AC	0000	56

main.c estimated size: 843

